{
  "version": "1.5.0",
  "plugins_used": [
    {
      "name": "ArtifactoryDetector"
    },
    {
      "name": "AWSKeyDetector"
    },
    {
      "name": "AzureStorageKeyDetector"
    },
    {
      "name": "Base64HighEntropyString",
      "limit": 4.5
    },
    {
      "name": "BasicAuthDetector"
    },
    {
      "name": "CloudantDetector"
    },
    {
      "name": "DiscordBotTokenDetector"
    },
    {
      "name": "GitHubTokenDetector"
    },
    {
      "name": "GitLabTokenDetector"
    },
    {
      "name": "HexHighEntropyString",
      "limit": 3.0
    },
    {
      "name": "IbmCloudIamDetector"
    },
    {
      "name": "IbmCosHmacDetector"
    },
    {
      "name": "IPPublicDetector"
    },
    {
      "name": "JwtTokenDetector"
    },
    {
      "name": "KeywordDetector",
      "keyword_exclude": ""
    },
    {
      "name": "MailchimpDetector"
    },
    {
      "name": "NpmDetector"
    },
    {
      "name": "OpenAIDetector"
    },
    {
      "name": "PrivateKeyDetector"
    },
    {
      "name": "PypiTokenDetector"
    },
    {
      "name": "SendGridDetector"
    },
    {
      "name": "SlackDetector"
    },
    {
      "name": "SoftlayerDetector"
    },
    {
      "name": "SquareOAuthDetector"
    },
    {
      "name": "StripeDetector"
    },
    {
      "name": "TelegramBotTokenDetector"
    },
    {
      "name": "TwilioKeyDetector"
    }
  ],
  "filters_used": [
    {
      "path": "detect_secrets.filters.allowlist.is_line_allowlisted"
    },
    {
      "path": "detect_secrets.filters.common.is_baseline_file",
      "filename": ".secrets.baseline"
    },
    {
      "path": "detect_secrets.filters.common.is_ignored_due_to_verification_policies",
      "min_level": 2
    },
    {
      "path": "detect_secrets.filters.heuristic.is_indirect_reference"
    },
    {
      "path": "detect_secrets.filters.heuristic.is_likely_id_string"
    },
    {
      "path": "detect_secrets.filters.heuristic.is_lock_file"
    },
    {
      "path": "detect_secrets.filters.heuristic.is_not_alphanumeric_string"
    },
    {
      "path": "detect_secrets.filters.heuristic.is_potential_uuid"
    },
    {
      "path": "detect_secrets.filters.heuristic.is_prefixed_with_dollar_sign"
    },
    {
      "path": "detect_secrets.filters.heuristic.is_sequential_string"
    },
    {
      "path": "detect_secrets.filters.heuristic.is_swagger_file"
    },
    {
      "path": "detect_secrets.filters.heuristic.is_templated_secret"
    },
    {
      "path": "detect_secrets.filters.regex.should_exclude_file",
      "pattern": [
        "uv\\.lock|\\.beads/"
      ]
    }
  ],
  "results": {
    ".github/workflows/ci.yml": [
      {
        "type": "Secret Keyword",
        "filename": ".github/workflows/ci.yml",
        "hashed_secret": "a5f64594af7931b9e6c5b74a6a9e7fe26e9b37d6",
        "is_verified": false,
        "line_number": 182,
        "is_secret": false
      },
      {
        "type": "Secret Keyword",
        "filename": ".github/workflows/ci.yml",
        "hashed_secret": "ce6f9b9474f8fd3f1c417bcbdc5759bcf17b14e7",
        "is_verified": false,
        "line_number": 240,
        "is_secret": false
      }
    ],
    "evals/analysis/baseline-synthetic-validator.json": [
      {
        "type": "Hex High Entropy String",
        "filename": "evals/analysis/baseline-synthetic-validator.json",
        "hashed_secret": "a8e18b10e822b0737f1b688493f64303fee0ae49",
        "is_verified": false,
        "line_number": 5,
        "is_secret": false
      }
    ],
    "evals/extraction/baseline-qwen3-30b.json": [
      {
        "type": "Hex High Entropy String",
        "filename": "evals/extraction/baseline-qwen3-30b.json",
        "hashed_secret": "15ea88cd25bdce01d299002ce918ce69f39cda16",
        "is_verified": false,
        "line_number": 4,
        "is_secret": false
      }
    ],
    "evals/vision/baseline-qwen3-vl-30b.json": [
      {
        "type": "Hex High Entropy String",
        "filename": "evals/vision/baseline-qwen3-vl-30b.json",
        "hashed_secret": "b3d98422ab1eecab0923cd5783fe31e88d3ef508",
        "is_verified": false,
        "line_number": 4,
        "is_secret": false
      }
    ],
    "frontend/src/api/client.test.ts": [
      {
        "type": "Secret Keyword",
        "filename": "frontend/src/api/client.test.ts",
        "hashed_secret": "df77a6b3e1381f280f62cc2eceea74ec575efde6",
        "is_verified": false,
        "line_number": 27,
        "is_secret": false
      }
    ],
    "migrations/versions/30d8157ab26f_preserve_original_extraction_candidates.py": [
      {
        "type": "Hex High Entropy String",
        "filename": "migrations/versions/30d8157ab26f_preserve_original_extraction_candidates.py",
        "hashed_secret": "888bebf1016e084e224b2f15033a10aaf3d6d0bc",
        "is_verified": false,
        "line_number": 17,
        "is_secret": false
      }
    ],
    "migrations/versions/71a1dfc8cb3b_garmin_file_imports.py": [
      {
        "type": "Hex High Entropy String",
        "filename": "migrations/versions/71a1dfc8cb3b_garmin_file_imports.py",
        "hashed_secret": "b24a167de42b035e95e1ba9bdd4c76a11d0ec617",
        "is_verified": false,
        "line_number": 16,
        "is_secret": false
      }
    ],
    "migrations/versions/8b2f1a3c4d5e_lab_pdf_documents.py": [
      {
        "type": "Hex High Entropy String",
        "filename": "migrations/versions/8b2f1a3c4d5e_lab_pdf_documents.py",
        "hashed_secret": "eedc2c0423478168c554147d278299d6e60acfb2",
        "is_verified": false,
        "line_number": 15,
        "is_secret": false
      }
    ],
    "migrations/versions/a91c27f4e8b0_job_queue.py": [
      {
        "type": "Hex High Entropy String",
        "filename": "migrations/versions/a91c27f4e8b0_job_queue.py",
        "hashed_secret": "eeefe5d56f543e49e6c83c45d3ad241a28e102f5",
        "is_verified": false,
        "line_number": 14,
        "is_secret": false
      }
    ],
    "migrations/versions/b7c4d2e91a60_totp_multi_factor_authentication.py": [
      {
        "type": "Hex High Entropy String",
        "filename": "migrations/versions/b7c4d2e91a60_totp_multi_factor_authentication.py",
        "hashed_secret": "e50ff3cb29257cf8c13cab20f87c2011560532c8",
        "is_verified": false,
        "line_number": 13,
        "is_secret": false
      }
    ],
    "migrations/versions/c3a91e7b2f04_lab_pdf_source_links.py": [
      {
        "type": "Hex High Entropy String",
        "filename": "migrations/versions/c3a91e7b2f04_lab_pdf_source_links.py",
        "hashed_secret": "87d97a5730d23b14508106dd93359cf39f92a444",
        "is_verified": false,
        "line_number": 15,
        "is_secret": false
      }
    ],
    "migrations/versions/c862f3a1d901_encrypted_credentials.py": [
      {
        "type": "Hex High Entropy String",
        "filename": "migrations/versions/c862f3a1d901_encrypted_credentials.py",
        "hashed_secret": "3a4718fe625b79ef806c47961e3e96eb414b295e",
        "is_verified": false,
        "line_number": 13,
        "is_secret": false
      }
    ],
    "migrations/versions/c8e4a6f2d901_context_events.py": [
      {
        "type": "Hex High Entropy String",
        "filename": "migrations/versions/c8e4a6f2d901_context_events.py",
        "hashed_secret": "af87f1b4a08a1f529998beb50308bc1ea61036ad",
        "is_verified": false,
        "line_number": 13,
        "is_secret": false
      }
    ],
    "migrations/versions/d10a7c3e5f21_telegram_coarse_location.py": [
      {
        "type": "Hex High Entropy String",
        "filename": "migrations/versions/d10a7c3e5f21_telegram_coarse_location.py",
        "hashed_secret": "823314dc83b39e5564acbb1de2fba13654ac3e09",
        "is_verified": false,
        "line_number": 13,
        "is_secret": false
      }
    ],
    "migrations/versions/e31f9a8d2c40_report_snapshots.py": [
      {
        "type": "Hex High Entropy String",
        "filename": "migrations/versions/e31f9a8d2c40_report_snapshots.py",
        "hashed_secret": "315d81413fa08cec54adc498293791e2600c4a58",
        "is_verified": false,
        "line_number": 14,
        "is_secret": false
      }
    ],
    "migrations/versions/e4b7a91c2d60_blood_pressure_and_weight_facts.py": [
      {
        "type": "Hex High Entropy String",
        "filename": "migrations/versions/e4b7a91c2d60_blood_pressure_and_weight_facts.py",
        "hashed_secret": "4294c2be555d8fcdd9086184cb42c9315f816c2f",
        "is_verified": false,
        "line_number": 13,
        "is_secret": false
      }
    ],
    "migrations/versions/f42a0b9e3d51_report_artifacts.py": [
      {
        "type": "Hex High Entropy String",
        "filename": "migrations/versions/f42a0b9e3d51_report_artifacts.py",
        "hashed_secret": "799cdf33b479e0030f8263cf25ae817d080728b3",
        "is_verified": false,
        "line_number": 13,
        "is_secret": false
      }
    ],
    "migrations/versions/f6d81a2c4b90_garmin_connect_sync.py": [
      {
        "type": "Hex High Entropy String",
        "filename": "migrations/versions/f6d81a2c4b90_garmin_connect_sync.py",
        "hashed_secret": "7ae37f5edd33a214443a4a849ea1cd41ac49e2fd",
        "is_verified": false,
        "line_number": 16,
        "is_secret": false
      }
    ],
    "scripts/check_env_example.py": [
      {
        "type": "Secret Keyword",
        "filename": "scripts/check_env_example.py",
        "hashed_secret": "83f8e7b35e8452646d951c9e608f2386cd571fcc",
        "is_verified": false,
        "line_number": 25,
        "is_secret": false
      }
    ],
    "src/healthcurve/operations/audit.py": [
      {
        "type": "Secret Keyword",
        "filename": "src/healthcurve/operations/audit.py",
        "hashed_secret": "553ab251f84b08eda31bf807cee8259aaffb614a",
        "is_verified": false,
        "line_number": 32,
        "is_secret": false
      }
    ],
    "tests/integration/test_api_safety.py": [
      {
        "type": "Secret Keyword",
        "filename": "tests/integration/test_api_safety.py",
        "hashed_secret": "dd606cd49bbbd06b4c2606fc2449f8fb87975786",
        "is_verified": false,
        "line_number": 120,
        "is_secret": false
      },
      {
        "type": "Secret Keyword",
        "filename": "tests/integration/test_api_safety.py",
        "hashed_secret": "789cbe0407840b1c2041cb33452ff60f19bf58cc",
        "is_verified": false,
        "line_number": 129,
        "is_secret": false
      },
      {
        "type": "Secret Keyword",
        "filename": "tests/integration/test_api_safety.py",
        "hashed_secret": "63688148e5a5134a1964fa3ca98c63eee854a02c",
        "is_verified": false,
        "line_number": 3969,
        "is_secret": false
      }
    ],
    "tests/integration/test_credentials.py": [
      {
        "type": "Secret Keyword",
        "filename": "tests/integration/test_credentials.py",
        "hashed_secret": "1f7d1e9503a702541ed06af409a5c0d9f24922bc",
        "is_verified": false,
        "line_number": 56,
        "is_secret": false
      }
    ],
    "tests/integration/test_event_invariants.py": [
      {
        "type": "Secret Keyword",
        "filename": "tests/integration/test_event_invariants.py",
        "hashed_secret": "f4661dbb67fad1fc4d25f0fddf07479e70ae0771",
        "is_verified": false,
        "line_number": 59,
        "is_secret": false
      }
    ],
    "tests/integration/test_schema_privileges.py": [
      {
        "type": "Secret Keyword",
        "filename": "tests/integration/test_schema_privileges.py",
        "hashed_secret": "23a15262d4cfefef56cee0eb2ce613391f593300",
        "is_verified": false,
        "line_number": 34,
        "is_secret": false
      },
      {
        "type": "Secret Keyword",
        "filename": "tests/integration/test_schema_privileges.py",
        "hashed_secret": "ea9c35d33f1fae80e5af6310e5d6c85e888a2ef4",
        "is_verified": false,
        "line_number": 35,
        "is_secret": false
      },
      {
        "type": "Secret Keyword",
        "filename": "tests/integration/test_schema_privileges.py",
        "hashed_secret": "17e868ccc1152ca1c0a99950cfe616166aec93df",
        "is_verified": false,
        "line_number": 36,
        "is_secret": false
      }
    ],
    "tests/unit/test_ai_session_separation.py": [
      {
        "type": "Basic Auth Credentials",
        "filename": "tests/unit/test_ai_session_separation.py",
        "hashed_secret": "1a91d62f7ca67399625a4368a6ab5d4a3baa6073",
        "is_verified": false,
        "line_number": 30,
        "is_secret": false
      }
    ],
    "tests/unit/test_beads_feature_bridge.py": [
      {
        "type": "Secret Keyword",
        "filename": "tests/unit/test_beads_feature_bridge.py",
        "hashed_secret": "1f7d1e9503a702541ed06af409a5c0d9f24922bc",
        "is_verified": false,
        "line_number": 353,
        "is_secret": false
      }
    ],
    "tests/unit/test_garmin_connect.py": [
      {
        "type": "Secret Keyword",
        "filename": "tests/unit/test_garmin_connect.py",
        "hashed_secret": "df77a6b3e1381f280f62cc2eceea74ec575efde6",
        "is_verified": false,
        "line_number": 241,
        "is_secret": false
      }
    ],
    "tests/unit/test_health_endpoints.py": [
      {
        "type": "Basic Auth Credentials",
        "filename": "tests/unit/test_health_endpoints.py",
        "hashed_secret": "1a91d62f7ca67399625a4368a6ab5d4a3baa6073",
        "is_verified": false,
        "line_number": 19,
        "is_secret": false
      }
    ],
    "tests/unit/test_owner_recovery.py": [
      {
        "type": "Secret Keyword",
        "filename": "tests/unit/test_owner_recovery.py",
        "hashed_secret": "3e976d812775e3452d5337458048d834aa051b63",
        "is_verified": false,
        "line_number": 15,
        "is_secret": false
      },
      {
        "type": "Secret Keyword",
        "filename": "tests/unit/test_owner_recovery.py",
        "hashed_secret": "216dfaf7d2428f38b9f909464c33b601628a1d78",
        "is_verified": false,
        "line_number": 22,
        "is_secret": false
      },
      {
        "type": "Secret Keyword",
        "filename": "tests/unit/test_owner_recovery.py",
        "hashed_secret": "91e99ca1d3c409faf3b6eee63e199522a24de8b7",
        "is_verified": false,
        "line_number": 70,
        "is_secret": false
      }
    ],
    "tests/unit/test_telegram_extraction_flow.py": [
      {
        "type": "Secret Keyword",
        "filename": "tests/unit/test_telegram_extraction_flow.py",
        "hashed_secret": "1f7d1e9503a702541ed06af409a5c0d9f24922bc",
        "is_verified": false,
        "line_number": 70,
        "is_secret": false
      }
    ],
    "tests/unit/test_telegram_location.py": [
      {
        "type": "Secret Keyword",
        "filename": "tests/unit/test_telegram_location.py",
        "hashed_secret": "1f7d1e9503a702541ed06af409a5c0d9f24922bc",
        "is_verified": false,
        "line_number": 34,
        "is_secret": false
      }
    ],
    "tests/unit/test_telegram_polling.py": [
      {
        "type": "Secret Keyword",
        "filename": "tests/unit/test_telegram_polling.py",
        "hashed_secret": "fef341f85d87439e7d91a2d465b9871ef66b5e98",
        "is_verified": false,
        "line_number": 36,
        "is_secret": false
      }
    ],
    "tests/unit/test_telegram_today.py": [
      {
        "type": "Secret Keyword",
        "filename": "tests/unit/test_telegram_today.py",
        "hashed_secret": "1f7d1e9503a702541ed06af409a5c0d9f24922bc",
        "is_verified": false,
        "line_number": 30,
        "is_secret": false
      }
    ]
  },
  "generated_at": "2026-08-11T17:04:59Z"
}
